
> spiritfire-dawn@0.1.0 build
> tsc --noEmit && vite build

vite v8.3.1 building client environment for production...
transforming...
✓ 211 modules transformed.
rendering chunks...
computing gzip size...
dist/index.html                                 0.94 kB │ gzip:   0.52 kB
dist/whitebox-lab.html                          4.79 kB │ gzip:   2.12 kB
dist/assets/draco_wasm_wrapper-fZCQGLGb.js     58.45 kB
dist/assets/draco_wasm_wrapper-DxJM36Ib.js     58.76 kB
dist/assets/draco_decoder-Z1_iN-Ht.wasm       192.42 kB │ gzip:  64.11 kB
dist/assets/draco_decoder-C32yEggz.wasm       285.74 kB │ gzip:  89.66 kB
dist/assets/draco_decoder-fzg4nYZr.js         719.41 kB
dist/assets/whitebox-Ckf-_rxc.css               6.55 kB │ gzip:   2.02 kB
dist/assets/Game-eGCWxm6A.css                  91.20 kB │ gzip:  19.46 kB
dist/assets/game-9gzBz7RF.js                    0.05 kB │ gzip:   0.07 kB
dist/assets/whitebox-DsI4mWHj.js               16.97 kB │ gzip:   7.15 kB
dist/assets/Game-BzK6cjCQ.js                1,901.97 kB │ gzip: 590.05 kB

✓ built in 655ms
